[-13163513ms] [ERROR] Failed to load resource: net::ERR_BLOCKED_BY_CLIENT @ https://als-svc.nytimes.com/als?uri=nyt%3A%2F%2Fwirecutterarticle%2F607e0714-338b-5270-a001-211409ef1b7c&prop=wc&plat=web&typ=revre:0
[-13163229ms] [ERROR] Failed to load resource: net::ERR_BLOCKED_BY_CLIENT @ https://a.et.nytimes.com/track:0
[-13163229ms] [ERROR] Failed to load resource: net::ERR_BLOCKED_BY_CLIENT @ https://a.et.nytimes.com/track:0
[-13163184ms] [WARNING] Manifest: property 'start_url' ignored, should be same origin as document. @ https://dv-siren-prd.global.ssl.fastly.net/static/manifest.json:0
[-13162912ms] [ERROR] Failed to load resource: net::ERR_BLOCKED_BY_CLIENT @ https://purr.nytimes.com/v1/purr-cache:0
[-13161774ms] [ERROR] Failed to load resource: net::ERR_BLOCKED_BY_CLIENT @ https://rumcdn.geoedge.be/1f87830c-5e7f-4477-9904-c89bc5293e21/grumi-ip.js:0
[-13161636ms] [ERROR] Failed to load resource: net::ERR_BLOCKED_BY_CLIENT @ https://cdn.brandmetrics.com/tag/85a1ebf7-9602-421a-a1c2-c2f24d32cb6c/wirecutter.js:0
[-13163527ms] [LOG] Error: Fides Wrapper: No valid GPP string value was found. GPP CMP will not be loaded.
    at c (https://www.nytimes.com/wirecutter/reviews/best-earplugs-for-sleeping/:31:192)
    at e (https://www.nytimes.com/wirecutter/reviews/best-earplugs-for-sleeping/:24:20)
    at fidesScript (https://www.nytimes.com/wirecutter/reviews/best-earplugs-for-sleeping/:93:6)
    at https://www.nytimes.com/wirecutter/reviews/best-earplugs-for-sleeping/:93:332 @ https://www.nytimes.com/wirecutter/reviews/best-earplugs-for-sleeping/:23
[-13163513ms] [WARNING] FETCH ISSUES! TypeError: Failed to fetch
    at getService (https://www.nytimes.com/wirecutter/reviews/best-earplugs-for-sleeping/:165:21)
    at https://www.nytimes.com/wirecutter/reviews/best-earplugs-for-sleeping/:199:5
    at https://www.nytimes.com/wirecutter/reviews/best-earplugs-for-sleeping/:200:4 @ https://www.nytimes.com/wirecutter/reviews/best-earplugs-for-sleeping/:170
[-13163513ms] [WARNING] TypeError: Cannot convert undefined or null to object
    at Object.entries (<anonymous>)
    at setLocalStorageValues (https://www.nytimes.com/wirecutter/reviews/best-earplugs-for-sleeping/:187:14) @ :0
[-13162957ms] [LOG] Document already loaded, running initialization immediately @ chrome-extension://ejkiikneibegknkgimmihdpcbcedgmpo/content-script.js:21
[-13162957ms] [LOG] Attempting to initialize AdUnit @ chrome-extension://ejkiikneibegknkgimmihdpcbcedgmpo/content-script.js:3
[-13162955ms] [LOG] AdUnit initialized successfully @ chrome-extension://ejkiikneibegknkgimmihdpcbcedgmpo/content-script.js:5
[-13162942ms] [LOG] Error: Fides Wrapper: No valid GPP string value was found. GPP CMP will not be loaded.
    at b (<anonymous>:2:2311)
    at i (<anonymous>:2:945)
    at <anonymous>:2:2626
    at <anonymous>:2:2950
    at https://dv-siren-prd.global.ssl.fastly.net/_next/static/chunks/main-eba7dfb19b73ab76.js:1:6722
    at Array.forEach (<anonymous>)
    at r (https://dv-siren-prd.global.ssl.fastly.net/_next/static/chunks/main-eba7dfb19b73ab76.js:1:6709)
    at https://dv-siren-prd.global.ssl.fastly.net/_next/static/chunks/main-eba7dfb19b73ab76.js:1:6199
    at Array.forEach (<anonymous>)
    at Object.updateHead (https://dv-siren-prd.global.ssl.fastly.net/_next/static/chunks/main-eba7dfb19b73ab76.js:1:6187) @ :1
[-13162734ms] [INFO] %cvhs%c For complete VHS debug info: %clocalStorage.debug = 'vhs*'%c color:#99CC99; font-weight:bold;  background-color:rgba(255,204,102, 0.1);color:#FFCC66;padding:2px 5px;border-radius:2px;  @ https://static01.nyt.com/video-static/vhs3/vhs.min.js:6
[-13162667ms] [INFO] %cvhs:plugin:nyt-analytics%c %cdoNotTrack%c is enabled. Plugin will not be initialized. color:#66CCCC; font-weight:bold;  background-color:rgba(255,204,102, 0.1);color:#FFCC66;padding:2px 5px;border-radius:2px;  @ https://static01.nyt.com/video-static/vhs3/vhs.min.js:6
[-13162635ms] [INFO] %cvhs:plugin:nyt-analytics%c %cdoNotTrack%c is enabled. Plugin will not be initialized. color:#66CCCC; font-weight:bold;  background-color:rgba(255,204,102, 0.1);color:#FFCC66;padding:2px 5px;border-radius:2px;  @ https://static01.nyt.com/video-static/vhs3/vhs.min.js:6
[-13162631ms] [INFO] %cvhs:plugin:nyt-analytics%c %cdoNotTrack%c is enabled. Plugin will not be initialized. color:#66CCCC; font-weight:bold;  background-color:rgba(255,204,102, 0.1);color:#FFCC66;padding:2px 5px;border-radius:2px;  @ https://static01.nyt.com/video-static/vhs3/vhs.min.js:6
[-13162625ms] [INFO] %cvhs:plugin:nyt-analytics%c %cdoNotTrack%c is enabled. Plugin will not be initialized. color:#66CCCC; font-weight:bold;  background-color:rgba(255,204,102, 0.1);color:#FFCC66;padding:2px 5px;border-radius:2px;  @ https://static01.nyt.com/video-static/vhs3/vhs.min.js:6
[-13161449ms] [LOG] WARNING:StorageManager: settings timeout, using defaults @ chrome-extension://nffaoalbilbmmfgbnbgppjihopabppdk/inject.js:83
[      72ms] Failed to fetch
