[-89828704ms] [WARNING] document.domain mutation is ignored because the surrounding agent cluster is origin-keyed. @ https://appstoreconnect.apple.com/access/static/js/container.243b4934f1512a8c.js:1
[-89814973ms] [ERROR] Failed to load resource: the server responded with a status of 404 () @ https://appstoreconnect.apple.com/partials/app-store/js/date-fns-locale-de-index-js.da22cac8.js:0
[-89812972ms] [ERROR] Failed to load resource: the server responded with a status of 404 () @ https://appstoreconnect.apple.com/iris/v2/appAvailabilities/6787270365?include=territoryAvailabilities&limit[territoryAvailabilities]=200:0
[-89828580ms] [WARNING] Metrics config: No config provided via delegate or fetched via init(), using default/cached config values. @ https://appstoreconnect.apple.com/access/static/js/344.d09a59ff782b29d1.js:0
[-89827820ms] [ERROR] error in mw dispatch or next call, probably in middlware/reducer/render fn: TypeError: Failed to execute 'removeChild' on 'Node': parameter 1 is not of type 'Node'.
    at t.value (https://appstoreconnect.apple.com/access/static/js/container.243b4934f1512a8c.js:2:271686)
    at _ (https://appstoreconnect.apple.com/access/static/js/container.243b4934f1512a8c.js:2:274242)
    at https://appstoreconnect.apple.com/access/static/js/container.243b4934f1512a8c.js:2:278235
    at h (https://appstoreconnect.apple.com/access/static/js/container.243b4934f1512a8c.js:2:173959)
    at e._next (https://appstoreconnect.apple.com/access/static/js/container.243b4934f1512a8c.js:2:216478)
    at e.__tryOrUnsub (https://appstoreconnect.apple.com/access/static/js/container.243b4934f1512a8c.js:2:180811)
    at e.next (https://appstoreconnect.apple.com/access/static/js/container.243b4934f1512a8c.js:2:179980)
    at e._next (https://appstoreconnect.apple.com/access/static/js/container.243b4934f1512a8c.js:2:179084)
    at e.next (https://appstoreconnect.apple.com/access/static/js/container.243b4934f1512a8c.js:2:178755)
    at e.notifyNext (https://appstoreconnect.apple.com/access/static/js/container.243b4934f1512a8c.js:2:196091) @ https://appstoreconnect.apple.com/access/static/js/container.243b4934f1512a8c.js:1
[-89827804ms] [WARNING] An array is needed to render meta tags @ https://appstoreconnect.apple.com/access/static/js/container.243b4934f1512a8c.js:1
[-89816374ms] [WARNING] eventQueue overflow, deleting LRU events: size is: 101 which is over max size: 100 @ https://appstoreconnect.apple.com/access/static/js/container.243b4934f1512a8c.js:1
[-89816354ms] [WARNING] eventQueue overflow, deleting LRU events: size is: 101 which is over max size: 100 @ https://appstoreconnect.apple.com/access/static/js/container.243b4934f1512a8c.js:1
[-89809484ms] [WARNING] Metrics config: No config provided via delegate or fetched via init(), using default/cached config values. @ https://appstoreconnect.apple.com/access/static/js/container.243b4934f1512a8c.js:1
[-89809482ms] [ERROR] Object @ https://appstoreconnect.apple.com/access/static/js/container.243b4934f1512a8c.js:1
[-89806739ms] [WARNING] eventQueue overflow, deleting LRU events: size is: 101 which is over max size: 100 @ https://appstoreconnect.apple.com/access/static/js/container.243b4934f1512a8c.js:1
[-89806737ms] [WARNING] eventQueue overflow, deleting LRU events: size is: 101 which is over max size: 100 @ https://appstoreconnect.apple.com/access/static/js/container.243b4934f1512a8c.js:1
[-89806736ms] [WARNING] eventQueue overflow, deleting LRU events: size is: 101 which is over max size: 100 @ https://appstoreconnect.apple.com/access/static/js/container.243b4934f1512a8c.js:1
[-89806734ms] [WARNING] eventQueue overflow, deleting LRU events: size is: 101 which is over max size: 100 @ https://appstoreconnect.apple.com/access/static/js/container.243b4934f1512a8c.js:1
[-89806722ms] [WARNING] eventQueue overflow, deleting LRU events: size is: 101 which is over max size: 100 @ https://appstoreconnect.apple.com/access/static/js/container.243b4934f1512a8c.js:1
[-89806721ms] [WARNING] eventQueue overflow, deleting LRU events: size is: 101 which is over max size: 100 @ https://appstoreconnect.apple.com/access/static/js/container.243b4934f1512a8c.js:1
[-89806720ms] [WARNING] eventQueue overflow, deleting LRU events: size is: 101 which is over max size: 100 @ https://appstoreconnect.apple.com/access/static/js/container.243b4934f1512a8c.js:1
[-89806719ms] [WARNING] eventQueue overflow, deleting LRU events: size is: 101 which is over max size: 100 @ https://appstoreconnect.apple.com/access/static/js/container.243b4934f1512a8c.js:1
[-89806719ms] [WARNING] eventQueue overflow, deleting LRU events: size is: 101 which is over max size: 100 @ https://appstoreconnect.apple.com/access/static/js/container.243b4934f1512a8c.js:1
[-89806540ms] [WARNING] eventQueue overflow, deleting LRU events: size is: 101 which is over max size: 100 @ https://appstoreconnect.apple.com/access/static/js/container.243b4934f1512a8c.js:1
