[-14077253ms] [ERROR] Failed to load resource: net::ERR_BLOCKED_BY_CLIENT @ https://maps.googleapis.com/maps/api/mapsjs/gen_204?csp_test=true:0
[-14077129ms] [ERROR] Failed to load resource: net::ERR_BLOCKED_BY_CLIENT @ https://edge.fullstory.com/s/fs.js:0
[-13489770ms] [ERROR] Failed to load resource: net::ERR_NETWORK_IO_SUSPENDED @ https://clientstream.launchdarkly.com/eval/64b71f125d239e13363f3824/eyJrZXkiOiJhbm9uLXVzZXIiLCJhbm9ueW1vdXMiOnRydWV9:0
[-13181627ms] [ERROR] Failed to load resource: net::ERR_BLOCKED_BY_CLIENT @ https://events.launchdarkly.com/events/diagnostic/64b71f125d239e13363f3824:0
[-13181623ms] [ERROR] Failed to load resource: net::ERR_BLOCKED_BY_CLIENT @ https://events.launchdarkly.com/events/diagnostic/64b71f125d239e13363f3824:0
[-12280637ms] [ERROR] Failed to load resource: net::ERR_BLOCKED_BY_CLIENT @ https://events.launchdarkly.com/events/diagnostic/64b71f125d239e13363f3824:0
[-12280633ms] [ERROR] Failed to load resource: net::ERR_BLOCKED_BY_CLIENT @ https://events.launchdarkly.com/events/diagnostic/64b71f125d239e13363f3824:0
[-11380632ms] [ERROR] Failed to load resource: net::ERR_BLOCKED_BY_CLIENT @ https://events.launchdarkly.com/events/diagnostic/64b71f125d239e13363f3824:0
[-11380628ms] [ERROR] Failed to load resource: net::ERR_BLOCKED_BY_CLIENT @ https://events.launchdarkly.com/events/diagnostic/64b71f125d239e13363f3824:0
[-10480620ms] [ERROR] Failed to load resource: net::ERR_BLOCKED_BY_CLIENT @ https://events.launchdarkly.com/events/diagnostic/64b71f125d239e13363f3824:0
[-10480619ms] [ERROR] Failed to load resource: net::ERR_BLOCKED_BY_CLIENT @ https://events.launchdarkly.com/events/diagnostic/64b71f125d239e13363f3824:0
[-9580601ms] [ERROR] Failed to load resource: net::ERR_BLOCKED_BY_CLIENT @ https://events.launchdarkly.com/events/diagnostic/64b71f125d239e13363f3824:0
[-9580600ms] [ERROR] Failed to load resource: net::ERR_BLOCKED_BY_CLIENT @ https://events.launchdarkly.com/events/diagnostic/64b71f125d239e13363f3824:0
[-8680586ms] [ERROR] Failed to load resource: net::ERR_BLOCKED_BY_CLIENT @ https://events.launchdarkly.com/events/diagnostic/64b71f125d239e13363f3824:0
[-8680580ms] [ERROR] Failed to load resource: net::ERR_BLOCKED_BY_CLIENT @ https://events.launchdarkly.com/events/diagnostic/64b71f125d239e13363f3824:0
[-7780564ms] [ERROR] Failed to load resource: net::ERR_BLOCKED_BY_CLIENT @ https://events.launchdarkly.com/events/diagnostic/64b71f125d239e13363f3824:0
[-7780561ms] [ERROR] Failed to load resource: net::ERR_BLOCKED_BY_CLIENT @ https://events.launchdarkly.com/events/diagnostic/64b71f125d239e13363f3824:0
[-6880555ms] [ERROR] Failed to load resource: net::ERR_BLOCKED_BY_CLIENT @ https://events.launchdarkly.com/events/diagnostic/64b71f125d239e13363f3824:0
[-6880553ms] [ERROR] Failed to load resource: net::ERR_BLOCKED_BY_CLIENT @ https://events.launchdarkly.com/events/diagnostic/64b71f125d239e13363f3824:0
[-5980542ms] [ERROR] Failed to load resource: net::ERR_BLOCKED_BY_CLIENT @ https://events.launchdarkly.com/events/diagnostic/64b71f125d239e13363f3824:0
[-5980540ms] [ERROR] Failed to load resource: net::ERR_BLOCKED_BY_CLIENT @ https://events.launchdarkly.com/events/diagnostic/64b71f125d239e13363f3824:0
[-5080536ms] [ERROR] Failed to load resource: net::ERR_BLOCKED_BY_CLIENT @ https://events.launchdarkly.com/events/diagnostic/64b71f125d239e13363f3824:0
[-5080535ms] [ERROR] Failed to load resource: net::ERR_BLOCKED_BY_CLIENT @ https://events.launchdarkly.com/events/diagnostic/64b71f125d239e13363f3824:0
[-4180527ms] [ERROR] Failed to load resource: net::ERR_BLOCKED_BY_CLIENT @ https://events.launchdarkly.com/events/diagnostic/64b71f125d239e13363f3824:0
[-4180524ms] [ERROR] Failed to load resource: net::ERR_BLOCKED_BY_CLIENT @ https://events.launchdarkly.com/events/diagnostic/64b71f125d239e13363f3824:0
[-3280515ms] [ERROR] Failed to load resource: net::ERR_BLOCKED_BY_CLIENT @ https://events.launchdarkly.com/events/diagnostic/64b71f125d239e13363f3824:0
[-3280514ms] [ERROR] Failed to load resource: net::ERR_BLOCKED_BY_CLIENT @ https://events.launchdarkly.com/events/diagnostic/64b71f125d239e13363f3824:0
[-2380505ms] [ERROR] Failed to load resource: net::ERR_BLOCKED_BY_CLIENT @ https://events.launchdarkly.com/events/diagnostic/64b71f125d239e13363f3824:0
[-2380498ms] [ERROR] Failed to load resource: net::ERR_BLOCKED_BY_CLIENT @ https://events.launchdarkly.com/events/diagnostic/64b71f125d239e13363f3824:0
[-1480496ms] [ERROR] Failed to load resource: net::ERR_BLOCKED_BY_CLIENT @ https://events.launchdarkly.com/events/diagnostic/64b71f125d239e13363f3824:0
[-1480493ms] [ERROR] Failed to load resource: net::ERR_BLOCKED_BY_CLIENT @ https://events.launchdarkly.com/events/diagnostic/64b71f125d239e13363f3824:0
[ -580491ms] [ERROR] Failed to load resource: net::ERR_BLOCKED_BY_CLIENT @ https://events.launchdarkly.com/events/diagnostic/64b71f125d239e13363f3824:0
[ -580487ms] [ERROR] Failed to load resource: net::ERR_BLOCKED_BY_CLIENT @ https://events.launchdarkly.com/events/diagnostic/64b71f125d239e13363f3824:0
[-14077291ms] [WARNING] Google Maps JavaScript API has been loaded directly without loading=async. This can result in suboptimal performance. For best-practice loading patterns please see https://goo.gle/js-api-loading @ https://maps.googleapis.com/maps/api/js?key=AIzaSyD-9V2Z1z3Kv-DXiQcZmV3mRTQj3Vvyl-c&libraries=places:2489
[-14077193ms] [LOG] Document already loaded, running initialization immediately @ chrome-extension://ejkiikneibegknkgimmihdpcbcedgmpo/content-script.js:21
[-14077192ms] [LOG] Attempting to initialize AdUnit @ chrome-extension://ejkiikneibegknkgimmihdpcbcedgmpo/content-script.js:3
[-14077192ms] [LOG] AdUnit initialized successfully @ chrome-extension://ejkiikneibegknkgimmihdpcbcedgmpo/content-script.js:5
[-14077181ms] [INFO] [LaunchDarkly] LaunchDarkly client initialized @ https://app.tenantport.com/static/js/main.94034721.js:13
[-14077145ms] [LOG] FullStory is not initialized yet @ https://app.tenantport.com/static/js/main.94034721.js:837
[-14077142ms] [INFO] [LaunchDarkly] Opening stream connection to https://clientstream.launchdarkly.com/eval/64b71f125d239e13363f3824/eyJrZXkiOiJhbm9uLXVzZXIiLCJhbm9ueW1vdXMiOnRydWV9 @ https://app.tenantport.com/static/js/main.94034721.js:13
[-14076499ms] [LOG] HomeScreenContainer @ https://app.tenantport.com/static/js/main.94034721.js:784
[-14076439ms] [LOG] HomeScreenContainer @ https://app.tenantport.com/static/js/main.94034721.js:784
[-14076413ms] [LOG] HomeScreenContainer @ https://app.tenantport.com/static/js/main.94034721.js:784
[-14076344ms] [LOG] HomeScreenContainer @ https://app.tenantport.com/static/js/main.94034721.js:784
[-14076332ms] [LOG] HomeScreenContainer @ https://app.tenantport.com/static/js/main.94034721.js:784
[-14076285ms] [LOG] HomeScreenContainer @ https://app.tenantport.com/static/js/main.94034721.js:784
[-14076134ms] [LOG] HomeScreenContainer @ https://app.tenantport.com/static/js/main.94034721.js:784
[-14075827ms] [LOG] HomeScreenContainer @ https://app.tenantport.com/static/js/main.94034721.js:784
[-14075821ms] [LOG] HomeScreenContainer @ https://app.tenantport.com/static/js/main.94034721.js:784
[-14075820ms] [LOG] HomeScreenContainer @ https://app.tenantport.com/static/js/main.94034721.js:784
[-14075808ms] [LOG] HomeScreenContainer @ https://app.tenantport.com/static/js/main.94034721.js:784
[-14075807ms] [LOG] HomeScreenContainer @ https://app.tenantport.com/static/js/main.94034721.js:784
[-14075615ms] [LOG] HomeScreenContainer @ https://app.tenantport.com/static/js/main.94034721.js:784
[-14075593ms] [LOG] HomeScreenContainer @ https://app.tenantport.com/static/js/main.94034721.js:784
[-14075311ms] [LOG] HomeScreenContainer @ https://app.tenantport.com/static/js/main.94034721.js:784
[-14075303ms] [LOG] HomeScreenContainer @ https://app.tenantport.com/static/js/main.94034721.js:784
[-13489771ms] [WARNING] [LaunchDarkly] Error on stream connection: {"isTrusted":true}, will continue retrying after 791 milliseconds. @ https://app.tenantport.com/static/js/main.94034721.js:13
[-13489770ms] [INFO] [LaunchDarkly] Closing stream connection @ https://app.tenantport.com/static/js/main.94034721.js:13
[-13488975ms] [INFO] [LaunchDarkly] Opening stream connection to https://clientstream.launchdarkly.com/eval/64b71f125d239e13363f3824/eyJrZXkiOiJhbm9uLXVzZXIiLCJhbm9ueW1vdXMiOnRydWV9 @ https://app.tenantport.com/static/js/main.94034721.js:13
[  319516ms] [ERROR] Failed to load resource: net::ERR_BLOCKED_BY_CLIENT @ https://events.launchdarkly.com/events/diagnostic/64b71f125d239e13363f3824:0
[  319519ms] [ERROR] Failed to load resource: net::ERR_BLOCKED_BY_CLIENT @ https://events.launchdarkly.com/events/diagnostic/64b71f125d239e13363f3824:0
[ 1219533ms] [ERROR] Failed to load resource: net::ERR_BLOCKED_BY_CLIENT @ https://events.launchdarkly.com/events/diagnostic/64b71f125d239e13363f3824:0
[ 1219535ms] [ERROR] Failed to load resource: net::ERR_BLOCKED_BY_CLIENT @ https://events.launchdarkly.com/events/diagnostic/64b71f125d239e13363f3824:0
[ 2119550ms] [ERROR] Failed to load resource: net::ERR_BLOCKED_BY_CLIENT @ https://events.launchdarkly.com/events/diagnostic/64b71f125d239e13363f3824:0
[ 2119552ms] [ERROR] Failed to load resource: net::ERR_BLOCKED_BY_CLIENT @ https://events.launchdarkly.com/events/diagnostic/64b71f125d239e13363f3824:0
[ 3019559ms] [ERROR] Failed to load resource: net::ERR_BLOCKED_BY_CLIENT @ https://events.launchdarkly.com/events/diagnostic/64b71f125d239e13363f3824:0
[ 3019561ms] [ERROR] Failed to load resource: net::ERR_BLOCKED_BY_CLIENT @ https://events.launchdarkly.com/events/diagnostic/64b71f125d239e13363f3824:0
